// Jest Snapshot v1, https://goo.gl/fbAQLP

exports[`jest-auto-snapshots > Tooltip Matches snapshot when passed all props 1`] = `
<styled.div>
  <styled.div
    innerRef={[Function]}
    onMouseEnter={[Function]}
    onMouseLeave={[Function]}
  >
    <NodeFixture />
  </styled.div>
  <styled.div>
    <styled.div
      innerRef={[Function]}
      isVisible={false}
      left="0"
      position="jest-auto-snapshots String Fixture"
      top="0"
    >
      <styled.label
        color="white"
        isMultiline={false}
      >
        jest-auto-snapshots String Fixture
      </styled.label>
    </styled.div>
  </styled.div>
</styled.div>
`;
