// Jest Snapshot v1, https://goo.gl/fbAQLP

exports[`jest-auto-snapshots > Carousel Matches snapshot when passed only required props 1`] = `
<ForwardRef(styled.div)>
  <ForwardRef(styled.div)
    aria-atomic="true"
    aria-live="polite"
    tabIndex={-1}
  >
    Slide
    1
    out of
  </ForwardRef(styled.div)>
  <ForwardRef(styled.div)>
    <ForwardRef(styled.div)
      width="jest-auto-snapshots String Fixture"
    >
      <ForwardRef(styled.ul)
        left={0}
      >
        <CarouselItems
          currentSlideIndex={0}
        >
          <NodeFixture />
        </CarouselItems>
      </ForwardRef(styled.ul)>
    </ForwardRef(styled.div)>
  </ForwardRef(styled.div)>
</ForwardRef(styled.div)>
`;
