// Jest Snapshot v1, https://goo.gl/fbAQLP

exports[`jest-auto-snapshots > SidebarHeader Matches snapshot when passed only required props 1`] = `
<ForwardRef(styled.div)>
  <Text
    color="grayDarker"
    hasError={false}
    type="label"
  >
    jest-auto-snapshots String Fixture
  </Text>
</ForwardRef(styled.div)>
`;
